--------------------------------------------------------------------------------
Release 14.7 Trace  (nt64)
Copyright (c) 1995-2013 Xilinx, Inc.  All rights reserved.

E:\Xilinx\14.7\ISE_DS\ISE\bin\nt64\unwrapped\trce.exe -intstyle ise -v 3 -s 2
-n 3 -fastpaths -xml Measurement.twx Measurement.ncd -o Measurement.twr
Measurement.pcf

Design file:              Measurement.ncd
Physical constraint file: Measurement.pcf
Device,package,speed:     xc6slx9,tqg144,C,-2 (PRODUCTION 1.23 2013-10-13)
Report level:             verbose report

Environment Variable      Effect 
--------------------      ------ 
NONE                      No environment variables were set
--------------------------------------------------------------------------------

INFO:Timing:3412 - To improve timing, see the Timing Closure User Guide (UG612).
INFO:Timing:2752 - To get complete path coverage, use the unconstrained paths 
   option. All paths that are not constrained will be reported in the 
   unconstrained paths section(s) of the report.
INFO:Timing:3339 - The clock-to-out numbers in this timing report are based on 
   a 50 Ohm transmission line loading model.  For the details of this model, 
   and for more information on accounting for different loading conditions, 
   please see the device datasheet.

================================================================================
Timing constraint: NET "DCM/clkin1" PERIOD = 31.25 ns HIGH 50%;
For more information, see Period Analysis in the Timing Closure User Guide (UG612).

 0 paths analyzed, 0 endpoints analyzed, 0 failing endpoints
 0 timing errors detected. (0 component switching limit errors)
 Minimum period is  16.000ns.
--------------------------------------------------------------------------------

Component Switching Limit Checks: NET "DCM/clkin1" PERIOD = 31.25 ns HIGH 50%;
--------------------------------------------------------------------------------
Slack: 15.250ns (period - (min low pulse limit / (low pulse / period)))
  Period: 31.250ns
  Low pulse: 15.625ns
  Low pulse limit: 8.000ns (Tdcmpw_CLKIN_25_50)
  Physical resource: DCM/dcm_sp_inst/CLKIN
  Logical resource: DCM/dcm_sp_inst/CLKIN
  Location pin: DCM_X0Y2.CLKIN
  Clock network: DCM/dcm_sp_inst_ML_NEW_DIVCLK
--------------------------------------------------------------------------------
Slack: 15.250ns (period - (min high pulse limit / (high pulse / period)))
  Period: 31.250ns
  High pulse: 15.625ns
  High pulse limit: 8.000ns (Tdcmpw_CLKIN_25_50)
  Physical resource: DCM/dcm_sp_inst/CLKIN
  Logical resource: DCM/dcm_sp_inst/CLKIN
  Location pin: DCM_X0Y2.CLKIN
  Clock network: DCM/dcm_sp_inst_ML_NEW_DIVCLK
--------------------------------------------------------------------------------
Slack: 27.250ns (period - min period limit)
  Period: 31.250ns
  Min period limit: 4.000ns (250.000MHz) (Tdcmper_CLKIN)
  Physical resource: DCM/dcm_sp_inst/CLKIN
  Logical resource: DCM/dcm_sp_inst/CLKIN
  Location pin: DCM_X0Y2.CLKIN
  Clock network: DCM/dcm_sp_inst_ML_NEW_DIVCLK
--------------------------------------------------------------------------------

================================================================================
Timing constraint: PERIOD analysis for net "DCM/clkfx" derived from  NET 
"DCM/clkin1" PERIOD = 31.25 ns HIGH 50%;  divided by 3.13 to 10 nS and duty 
cycle corrected to HIGH 5 nS  
For more information, see Period Analysis in the Timing Closure User Guide (UG612).

 131413 paths analyzed, 4064 endpoints analyzed, 0 failing endpoints
 0 timing errors detected. (0 setup errors, 0 hold errors, 0 component switching limit errors)
 Minimum period is   9.163ns.
--------------------------------------------------------------------------------

Paths for end point ctrl/r_data_out_3_15 (SLICE_X3Y32.DX), 1 path
--------------------------------------------------------------------------------
Slack (setup path):     0.567ns (requirement - (data path - clock path skew + uncertainty))
  Source:               ctrl/captured_15 (FF)
  Destination:          ctrl/r_data_out_3_15 (FF)
  Requirement:          5.000ns
  Data Path Delay:      3.531ns (Levels of Logic = 0)
  Clock Path Skew:      -0.667ns (0.734 - 1.401)
  Source Clock:         clk100 falling at 5.000ns
  Destination Clock:    clk100 rising at 10.000ns
  Clock Uncertainty:    0.235ns

  Clock Uncertainty:          0.235ns  ((TSJ^2 + TIJ^2)^1/2 + DJ) / 2 + PE
    Total System Jitter (TSJ):  0.070ns
    Total Input Jitter (TIJ):   0.000ns
    Discrete Jitter (DJ):       0.400ns
    Phase Error (PE):           0.000ns

  Maximum Data Path at Slow Process Corner: ctrl/captured_15 to ctrl/r_data_out_3_15
    Location             Delay type         Delay(ns)  Physical Resource
                                                       Logical Resource(s)
    -------------------------------------------------  -------------------
    ILOGIC_X0Y19.Q4      Tickq                 1.778   ctrl/captured<15>
                                                       ctrl/captured_15
    SLICE_X3Y32.DX       net (fanout=2)        1.639   ctrl/captured<15>
    SLICE_X3Y32.CLK      Tdick                 0.114   ctrl/r_data_out_3<15>
                                                       ctrl/r_data_out_3_15
    -------------------------------------------------  ---------------------------
    Total                                      3.531ns (1.892ns logic, 1.639ns route)
                                                       (53.6% logic, 46.4% route)

--------------------------------------------------------------------------------

Paths for end point ctrl/r_data_out_3_1 (SLICE_X8Y55.BX), 1 path
--------------------------------------------------------------------------------
Slack (setup path):     0.571ns (requirement - (data path - clock path skew + uncertainty))
  Source:               ctrl/captured_1 (FF)
  Destination:          ctrl/r_data_out_3_1 (FF)
  Requirement:          5.000ns
  Data Path Delay:      3.578ns (Levels of Logic = 0)
  Clock Path Skew:      -0.616ns (0.312 - 0.928)
  Source Clock:         clk100 falling at 5.000ns
  Destination Clock:    clk100 rising at 10.000ns
  Clock Uncertainty:    0.235ns

  Clock Uncertainty:          0.235ns  ((TSJ^2 + TIJ^2)^1/2 + DJ) / 2 + PE
    Total System Jitter (TSJ):  0.070ns
    Total Input Jitter (TIJ):   0.000ns
    Discrete Jitter (DJ):       0.400ns
    Phase Error (PE):           0.000ns

  Maximum Data Path at Slow Process Corner: ctrl/captured_1 to ctrl/r_data_out_3_1
    Location             Delay type         Delay(ns)  Physical Resource
                                                       Logical Resource(s)
    -------------------------------------------------  -------------------
    ILOGIC_X0Y47.Q4      Tickq                 1.778   ctrl/captured<1>
                                                       ctrl/captured_1
    SLICE_X8Y55.BX       net (fanout=3)        1.715   ctrl/captured<1>
    SLICE_X8Y55.CLK      Tdick                 0.085   ctrl/r_data_out_3<3>
                                                       ctrl/r_data_out_3_1
    -------------------------------------------------  ---------------------------
    Total                                      3.578ns (1.863ns logic, 1.715ns route)
                                                       (52.1% logic, 47.9% route)

--------------------------------------------------------------------------------

Paths for end point read_sec/p_data_1 (SLICE_X8Y56.BX), 1 path
--------------------------------------------------------------------------------
Slack (setup path):     0.580ns (requirement - (data path - clock path skew + uncertainty))
  Source:               ctrl/captured_1 (FF)
  Destination:          read_sec/p_data_1 (FF)
  Requirement:          5.000ns
  Data Path Delay:      3.569ns (Levels of Logic = 0)
  Clock Path Skew:      -0.616ns (0.312 - 0.928)
  Source Clock:         clk100 falling at 5.000ns
  Destination Clock:    clk100 rising at 10.000ns
  Clock Uncertainty:    0.235ns

  Clock Uncertainty:          0.235ns  ((TSJ^2 + TIJ^2)^1/2 + DJ) / 2 + PE
    Total System Jitter (TSJ):  0.070ns
    Total Input Jitter (TIJ):   0.000ns
    Discrete Jitter (DJ):       0.400ns
    Phase Error (PE):           0.000ns

  Maximum Data Path at Slow Process Corner: ctrl/captured_1 to read_sec/p_data_1
    Location             Delay type         Delay(ns)  Physical Resource
                                                       Logical Resource(s)
    -------------------------------------------------  -------------------
    ILOGIC_X0Y47.Q4      Tickq                 1.778   ctrl/captured<1>
                                                       ctrl/captured_1
    SLICE_X8Y56.BX       net (fanout=3)        1.706   ctrl/captured<1>
    SLICE_X8Y56.CLK      Tdick                 0.085   read_sec/p_data<3>
                                                       read_sec/p_data_1
    -------------------------------------------------  ---------------------------
    Total                                      3.569ns (1.863ns logic, 1.706ns route)
                                                       (52.2% logic, 47.8% route)

--------------------------------------------------------------------------------

Hold Paths: PERIOD analysis for net "DCM/clkfx" derived from
 NET "DCM/clkin1" PERIOD = 31.25 ns HIGH 50%;
 divided by 3.13 to 10 nS and duty cycle corrected to HIGH 5 nS 

--------------------------------------------------------------------------------

Paths for end point measure/FIFO/U0/xst_fifo_generator/gconvfifo.rf/grf.rf/gntv_or_sync_fifo.mem/gbm.gbmg.gbmga.ngecc.bmg/gnativebmg.native_blk_mem_gen/valid.cstr/ramloop[0].ram.r/s6_noinit.ram/SDP.WIDE_PRIM9.ram (RAMB8_X1Y9.DIBDI4), 1 path
--------------------------------------------------------------------------------
Slack (hold path):      0.315ns (requirement - (clock path skew + uncertainty - data path))
  Source:               measure/data_acquire/d_out_22 (FF)
  Destination:          measure/FIFO/U0/xst_fifo_generator/gconvfifo.rf/grf.rf/gntv_or_sync_fifo.mem/gbm.gbmg.gbmga.ngecc.bmg/gnativebmg.native_blk_mem_gen/valid.cstr/ramloop[0].ram.r/s6_noinit.ram/SDP.WIDE_PRIM9.ram (RAM)
  Requirement:          0.000ns
  Data Path Delay:      0.320ns (Levels of Logic = 0)
  Clock Path Skew:      0.005ns (0.076 - 0.071)
  Source Clock:         clk100 rising at 10.000ns
  Destination Clock:    clk100 rising at 10.000ns
  Clock Uncertainty:    0.000ns

  Minimum Data Path at Fast Process Corner: measure/data_acquire/d_out_22 to measure/FIFO/U0/xst_fifo_generator/gconvfifo.rf/grf.rf/gntv_or_sync_fifo.mem/gbm.gbmg.gbmga.ngecc.bmg/gnativebmg.native_blk_mem_gen/valid.cstr/ramloop[0].ram.r/s6_noinit.ram/SDP.WIDE_PRIM9.ram
    Location             Delay type         Delay(ns)  Physical Resource
                                                       Logical Resource(s)
    -------------------------------------------------  -------------------
    SLICE_X18Y19.BMUX    Tshcko                0.238   measure/data_acquire/d_out<25>
                                                       measure/data_acquire/d_out_22
    RAMB8_X1Y9.DIBDI4    net (fanout=2)        0.135   measure/data_acquire/d_out<22>
    RAMB8_X1Y9.CLKAWRCLK Trckd_DIB   (-Th)     0.053   measure/FIFO/U0/xst_fifo_generator/gconvfifo.rf/grf.rf/gntv_or_sync_fifo.mem/gbm.gbmg.gbmga.ngecc.bmg/gnativebmg.native_blk_mem_gen/valid.cstr/ramloop[0].ram.r/s6_noinit.ram/SDP.WIDE_PRIM9.ram
                                                       measure/FIFO/U0/xst_fifo_generator/gconvfifo.rf/grf.rf/gntv_or_sync_fifo.mem/gbm.gbmg.gbmga.ngecc.bmg/gnativebmg.native_blk_mem_gen/valid.cstr/ramloop[0].ram.r/s6_noinit.ram/SDP.WIDE_PRIM9.ram
    -------------------------------------------------  ---------------------------
    Total                                      0.320ns (0.185ns logic, 0.135ns route)
                                                       (57.8% logic, 42.2% route)

--------------------------------------------------------------------------------

Paths for end point measure/FIFO/U0/xst_fifo_generator/gconvfifo.rf/grf.rf/gntv_or_sync_fifo.mem/gbm.gbmg.gbmga.ngecc.bmg/gnativebmg.native_blk_mem_gen/valid.cstr/ramloop[0].ram.r/s6_noinit.ram/SDP.WIDE_PRIM9.ram (RAMB8_X1Y9.DIBDI6), 1 path
--------------------------------------------------------------------------------
Slack (hold path):      0.315ns (requirement - (clock path skew + uncertainty - data path))
  Source:               measure/data_acquire/d_out_24 (FF)
  Destination:          measure/FIFO/U0/xst_fifo_generator/gconvfifo.rf/grf.rf/gntv_or_sync_fifo.mem/gbm.gbmg.gbmga.ngecc.bmg/gnativebmg.native_blk_mem_gen/valid.cstr/ramloop[0].ram.r/s6_noinit.ram/SDP.WIDE_PRIM9.ram (RAM)
  Requirement:          0.000ns
  Data Path Delay:      0.320ns (Levels of Logic = 0)
  Clock Path Skew:      0.005ns (0.076 - 0.071)
  Source Clock:         clk100 rising at 10.000ns
  Destination Clock:    clk100 rising at 10.000ns
  Clock Uncertainty:    0.000ns

  Minimum Data Path at Fast Process Corner: measure/data_acquire/d_out_24 to measure/FIFO/U0/xst_fifo_generator/gconvfifo.rf/grf.rf/gntv_or_sync_fifo.mem/gbm.gbmg.gbmga.ngecc.bmg/gnativebmg.native_blk_mem_gen/valid.cstr/ramloop[0].ram.r/s6_noinit.ram/SDP.WIDE_PRIM9.ram
    Location             Delay type         Delay(ns)  Physical Resource
                                                       Logical Resource(s)
    -------------------------------------------------  -------------------
    SLICE_X18Y19.CMUX    Tshcko                0.238   measure/data_acquire/d_out<25>
                                                       measure/data_acquire/d_out_24
    RAMB8_X1Y9.DIBDI6    net (fanout=2)        0.135   measure/data_acquire/d_out<24>
    RAMB8_X1Y9.CLKAWRCLK Trckd_DIB   (-Th)     0.053   measure/FIFO/U0/xst_fifo_generator/gconvfifo.rf/grf.rf/gntv_or_sync_fifo.mem/gbm.gbmg.gbmga.ngecc.bmg/gnativebmg.native_blk_mem_gen/valid.cstr/ramloop[0].ram.r/s6_noinit.ram/SDP.WIDE_PRIM9.ram
                                                       measure/FIFO/U0/xst_fifo_generator/gconvfifo.rf/grf.rf/gntv_or_sync_fifo.mem/gbm.gbmg.gbmga.ngecc.bmg/gnativebmg.native_blk_mem_gen/valid.cstr/ramloop[0].ram.r/s6_noinit.ram/SDP.WIDE_PRIM9.ram
    -------------------------------------------------  ---------------------------
    Total                                      0.320ns (0.185ns logic, 0.135ns route)
                                                       (57.8% logic, 42.2% route)

--------------------------------------------------------------------------------

Paths for end point measure/FIFO/U0/xst_fifo_generator/gconvfifo.rf/grf.rf/gntv_or_sync_fifo.mem/gbm.gbmg.gbmga.ngecc.bmg/gnativebmg.native_blk_mem_gen/valid.cstr/ramloop[0].ram.r/s6_noinit.ram/SDP.WIDE_PRIM9.ram (RAMB8_X1Y9.DIPBDIP0), 1 path
--------------------------------------------------------------------------------
Slack (hold path):      0.315ns (requirement - (clock path skew + uncertainty - data path))
  Source:               measure/data_acquire/d_out_26 (FF)
  Destination:          measure/FIFO/U0/xst_fifo_generator/gconvfifo.rf/grf.rf/gntv_or_sync_fifo.mem/gbm.gbmg.gbmga.ngecc.bmg/gnativebmg.native_blk_mem_gen/valid.cstr/ramloop[0].ram.r/s6_noinit.ram/SDP.WIDE_PRIM9.ram (RAM)
  Requirement:          0.000ns
  Data Path Delay:      0.320ns (Levels of Logic = 0)
  Clock Path Skew:      0.005ns (0.076 - 0.071)
  Source Clock:         clk100 rising at 10.000ns
  Destination Clock:    clk100 rising at 10.000ns
  Clock Uncertainty:    0.000ns

  Minimum Data Path at Fast Process Corner: measure/data_acquire/d_out_26 to measure/FIFO/U0/xst_fifo_generator/gconvfifo.rf/grf.rf/gntv_or_sync_fifo.mem/gbm.gbmg.gbmga.ngecc.bmg/gnativebmg.native_blk_mem_gen/valid.cstr/ramloop[0].ram.r/s6_noinit.ram/SDP.WIDE_PRIM9.ram
    Location             Delay type         Delay(ns)  Physical Resource
                                                       Logical Resource(s)
    -------------------------------------------------  -------------------
    SLICE_X18Y19.DMUX    Tshcko                0.238   measure/data_acquire/d_out<25>
                                                       measure/data_acquire/d_out_26
    RAMB8_X1Y9.DIPBDIP0  net (fanout=2)        0.135   measure/data_acquire/d_out<26>
    RAMB8_X1Y9.CLKAWRCLK Trckd_DIPB  (-Th)     0.053   measure/FIFO/U0/xst_fifo_generator/gconvfifo.rf/grf.rf/gntv_or_sync_fifo.mem/gbm.gbmg.gbmga.ngecc.bmg/gnativebmg.native_blk_mem_gen/valid.cstr/ramloop[0].ram.r/s6_noinit.ram/SDP.WIDE_PRIM9.ram
                                                       measure/FIFO/U0/xst_fifo_generator/gconvfifo.rf/grf.rf/gntv_or_sync_fifo.mem/gbm.gbmg.gbmga.ngecc.bmg/gnativebmg.native_blk_mem_gen/valid.cstr/ramloop[0].ram.r/s6_noinit.ram/SDP.WIDE_PRIM9.ram
    -------------------------------------------------  ---------------------------
    Total                                      0.320ns (0.185ns logic, 0.135ns route)
                                                       (57.8% logic, 42.2% route)

--------------------------------------------------------------------------------

Component Switching Limit Checks: PERIOD analysis for net "DCM/clkfx" derived from
 NET "DCM/clkin1" PERIOD = 31.25 ns HIGH 50%;
 divided by 3.13 to 10 nS and duty cycle corrected to HIGH 5 nS 

--------------------------------------------------------------------------------
Slack: 6.430ns (period - min period limit)
  Period: 10.000ns
  Min period limit: 3.570ns (280.112MHz) (Trper_CLKA(Fmax))
  Physical resource: measure/FIFO/U0/xst_fifo_generator/gconvfifo.rf/grf.rf/gntv_or_sync_fifo.mem/gbm.gbmg.gbmga.ngecc.bmg/gnativebmg.native_blk_mem_gen/valid.cstr/ramloop[0].ram.r/s6_noinit.ram/SDP.WIDE_PRIM9.ram/CLKAWRCLK
  Logical resource: measure/FIFO/U0/xst_fifo_generator/gconvfifo.rf/grf.rf/gntv_or_sync_fifo.mem/gbm.gbmg.gbmga.ngecc.bmg/gnativebmg.native_blk_mem_gen/valid.cstr/ramloop[0].ram.r/s6_noinit.ram/SDP.WIDE_PRIM9.ram/CLKAWRCLK
  Location pin: RAMB8_X1Y9.CLKAWRCLK
  Clock network: clk100
--------------------------------------------------------------------------------
Slack: 6.430ns (period - min period limit)
  Period: 10.000ns
  Min period limit: 3.570ns (280.112MHz) (Trper_CLKB(Fmax))
  Physical resource: measure/FIFO/U0/xst_fifo_generator/gconvfifo.rf/grf.rf/gntv_or_sync_fifo.mem/gbm.gbmg.gbmga.ngecc.bmg/gnativebmg.native_blk_mem_gen/valid.cstr/ramloop[0].ram.r/s6_noinit.ram/SDP.WIDE_PRIM9.ram/CLKBRDCLK
  Logical resource: measure/FIFO/U0/xst_fifo_generator/gconvfifo.rf/grf.rf/gntv_or_sync_fifo.mem/gbm.gbmg.gbmga.ngecc.bmg/gnativebmg.native_blk_mem_gen/valid.cstr/ramloop[0].ram.r/s6_noinit.ram/SDP.WIDE_PRIM9.ram/CLKBRDCLK
  Location pin: RAMB8_X1Y9.CLKBRDCLK
  Clock network: clk100
--------------------------------------------------------------------------------
Slack: 7.000ns (period - min period limit)
  Period: 10.000ns
  Min period limit: 3.000ns (333.333MHz) (Tdcmper_CLKFX)
  Physical resource: DCM/dcm_sp_inst/CLKFX
  Logical resource: DCM/dcm_sp_inst/CLKFX
  Location pin: DCM_X0Y2.CLKFX
  Clock network: DCM/clkfx
--------------------------------------------------------------------------------


Derived Constraint Report
Derived Constraints for DCM/clkin1
+-------------------------------+-------------+-------------+-------------+-------------+-------------+-------------+-------------+
|                               |   Period    |       Actual Period       |      Timing Errors        |      Paths Analyzed       |
|           Constraint          | Requirement |-------------+-------------|-------------+-------------|-------------+-------------|
|                               |             |   Direct    | Derivative  |   Direct    | Derivative  |   Direct    | Derivative  |
+-------------------------------+-------------+-------------+-------------+-------------+-------------+-------------+-------------+
|DCM/clkin1                     |     31.250ns|     16.000ns|     28.634ns|            0|            0|            0|       131413|
| DCM/clkfx                     |     10.000ns|      9.163ns|          N/A|            0|            0|       131413|            0|
+-------------------------------+-------------+-------------+-------------+-------------+-------------+-------------+-------------+

All constraints were met.


Data Sheet report:
-----------------
All values displayed in nanoseconds (ns)

Clock to Setup on destination clock clk
---------------+---------+---------+---------+---------+
               | Src:Rise| Src:Fall| Src:Rise| Src:Fall|
Source Clock   |Dest:Rise|Dest:Rise|Dest:Fall|Dest:Fall|
---------------+---------+---------+---------+---------+
clk            |    9.163|    4.433|         |         |
---------------+---------+---------+---------+---------+


Timing summary:
---------------

Timing errors: 0  Score: 0  (Setup/Max: 0, Hold: 0)

Constraints cover 131413 paths, 0 nets, and 4520 connections

Design statistics:
   Minimum period:  16.000ns{1}   (Maximum frequency:  62.500MHz)


------------------------------------Footnotes-----------------------------------
1)  The minimum period statistic assumes all single cycle delays.

Analysis completed SUN 12 JAN 14:52:20 2020 
--------------------------------------------------------------------------------

Trace Settings:
-------------------------
Trace Settings 

Peak Memory Usage: 4591 MB



