Release 14.7 - xst P.20131013 (nt64)
Copyright (c) 1995-2013 Xilinx, Inc.  All rights reserved.
--> Parameter TMPDIR set to xst/projnav.tmp


Total REAL time to Xst completion: 0.00 secs
Total CPU time to Xst completion: 0.11 secs
 
--> Parameter xsthdpdir set to xst


Total REAL time to Xst completion: 0.00 secs
Total CPU time to Xst completion: 0.11 secs
 
--> Reading design: Measurement.prj

TABLE OF CONTENTS
  1) Synthesis Options Summary
  2) HDL Parsing
  3) HDL Elaboration
  4) HDL Synthesis
       4.1) HDL Synthesis Report
  5) Advanced HDL Synthesis
       5.1) Advanced HDL Synthesis Report
  6) Low Level Synthesis
  7) Partition Report
  8) Design Summary
       8.1) Primitive and Black Box Usage
       8.2) Device utilization summary
       8.3) Partition Resource Summary
       8.4) Timing Report
            8.4.1) Clock Information
            8.4.2) Asynchronous Control Signals Information
            8.4.3) Timing Summary
            8.4.4) Timing Details
            8.4.5) Cross Clock Domains Report


=========================================================================
*                      Synthesis Options Summary                        *
=========================================================================
---- Source Parameters
Input File Name                    : "Measurement.prj"
Ignore Synthesis Constraint File   : NO

---- Target Parameters
Output File Name                   : "Measurement"
Output Format                      : NGC
Target Device                      : xc6slx9-2-tqg144

---- Source Options
Top Module Name                    : Measurement
Automatic FSM Extraction           : YES
FSM Encoding Algorithm             : Auto
Safe Implementation                : No
FSM Style                          : LUT
RAM Extraction                     : Yes
RAM Style                          : Auto
ROM Extraction                     : Yes
Shift Register Extraction          : YES
ROM Style                          : Auto
Resource Sharing                   : YES
Asynchronous To Synchronous        : NO
Shift Register Minimum Size        : 2
Use DSP Block                      : Auto
Automatic Register Balancing       : No

---- Target Options
LUT Combining                      : Auto
Reduce Control Sets                : Auto
Add IO Buffers                     : YES
Global Maximum Fanout              : 100000
Add Generic Clock Buffer(BUFG)     : 16
Register Duplication               : YES
Optimize Instantiated Primitives   : NO
Use Clock Enable                   : Auto
Use Synchronous Set                : Auto
Use Synchronous Reset              : Auto
Pack IO Registers into IOBs        : Auto
Equivalent register Removal        : YES

---- General Options
Optimization Goal                  : Speed
Optimization Effort                : 1
Power Reduction                    : NO
Keep Hierarchy                     : No
Netlist Hierarchy                  : As_Optimized
RTL Output                         : Yes
Global Optimization                : AllClockNets
Read Cores                         : YES
Write Timing Constraints           : NO
Cross Clock Analysis               : NO
Hierarchy Separator                : /
Bus Delimiter                      : <>
Case Specifier                     : Maintain
Slice Utilization Ratio            : 100
BRAM Utilization Ratio             : 100
DSP48 Utilization Ratio            : 100
Auto BRAM Packing                  : NO
Slice Utilization Ratio Delta      : 5

---- Other Options
Cores Search Directories           : {"ipcore_dir"  }

=========================================================================


=========================================================================
*                          HDL Parsing                                  *
=========================================================================
Parsing VHDL file "E:\hoshino_Data\SotsuKen\ISE\measurement_part_git\ipcore_dir\DCM_100M.vhd" into library work
Parsing entity <DCM_100M>.
Parsing architecture <xilinx> of entity <dcm_100m>.
Parsing VHDL file "E:\hoshino_Data\SotsuKen\ISE\measurement_part_git\data_types.vhd" into library work
Parsing package <data_types>.
Parsing package body <data_types>.
Parsing VHDL file "E:\hoshino_Data\SotsuKen\ISE\measurement_part_git\timekeeper.vhd" into library work
Parsing entity <timekeeper>.
Parsing architecture <count_time> of entity <timekeeper>.
Parsing VHDL file "E:\hoshino_Data\SotsuKen\ISE\measurement_part_git\master_counter.vhd" into library work
Parsing entity <master_counter>.
Parsing architecture <count_time> of entity <master_counter>.
Parsing VHDL file "E:\hoshino_Data\SotsuKen\ISE\measurement_part_git\data_fetch.vhd" into library work
Parsing entity <data_fetch>.
Parsing architecture <fetch> of entity <data_fetch>.
Parsing VHDL file "E:\hoshino_Data\SotsuKen\ISE\measurement_part_git\data_decode.vhd" into library work
Parsing entity <data_decode>.
Parsing architecture <decode> of entity <data_decode>.
Parsing VHDL file "E:\hoshino_Data\SotsuKen\ISE\measurement_part_git\SDRAM_wr.vhd" into library work
Parsing entity <SDRAM_wr>.
Parsing architecture <write_sec> of entity <sdram_wr>.
Parsing VHDL file "E:\hoshino_Data\SotsuKen\ISE\measurement_part_git\SDRAM_rd.vhd" into library work
Parsing entity <SDRAM_rd>.
Parsing architecture <read_sec> of entity <sdram_rd>.
Parsing VHDL file "E:\hoshino_Data\SotsuKen\ISE\measurement_part_git\just_measurement.vhd" into library work
Parsing entity <just_measurement>.
Parsing architecture <measure> of entity <just_measurement>.
Parsing VHDL file "E:\hoshino_Data\SotsuKen\ISE\measurement_part_git\counter.vhd" into library work
Parsing entity <counter>.
Parsing architecture <Behavioral> of entity <counter>.
Parsing VHDL file "E:\hoshino_Data\SotsuKen\ISE\integ_100_st_fifocheck\SDRAM_ctrl.vhd" into library work
Parsing entity <SDRAM_ctrl>.
Parsing architecture <Behavioral> of entity <sdram_ctrl>.
Parsing VHDL file "E:\hoshino_Data\SotsuKen\ISE\measurement_part_git\Measurement.vhd" into library work
Parsing entity <Measurement>.
Parsing architecture <connect> of entity <measurement>.

=========================================================================
*                            HDL Elaboration                            *
=========================================================================

Elaborating entity <Measurement> (architecture <connect>) from library <work>.
WARNING:HDLCompiler:871 - "E:\hoshino_Data\SotsuKen\ISE\measurement_part_git\Measurement.vhd" Line 158: Using initial value "11" for sdr_mask since it is never assigned

Elaborating entity <DCM_100M> (architecture <xilinx>) from library <work>.

Elaborating entity <SDRAM_ctrl> (architecture <Behavioral>) with generics from library <work>.

Elaborating entity <SDRAM_wr> (architecture <write_sec>) from library <work>.
WARNING:HDLCompiler:92 - "E:\hoshino_Data\SotsuKen\ISE\measurement_part_git\SDRAM_wr.vhd" Line 121: v_data should be on the sensitivity list of the process
INFO:HDLCompiler:679 - "E:\hoshino_Data\SotsuKen\ISE\measurement_part_git\SDRAM_wr.vhd" Line 124. Case statement is complete. others clause is never selected

Elaborating entity <SDRAM_rd> (architecture <read_sec>) from library <work>.
WARNING:HDLCompiler:92 - "E:\hoshino_Data\SotsuKen\ISE\measurement_part_git\SDRAM_rd.vhd" Line 136: sdr_data should be on the sensitivity list of the process
INFO:HDLCompiler:679 - "E:\hoshino_Data\SotsuKen\ISE\measurement_part_git\SDRAM_rd.vhd" Line 145. Case statement is complete. others clause is never selected

Elaborating entity <just_measurement> (architecture <measure>) from library <work>.

Elaborating entity <data_fetch> (architecture <fetch>) from library <work>.
WARNING:HDLCompiler:92 - "E:\hoshino_Data\SotsuKen\ISE\measurement_part_git\data_fetch.vhd" Line 163: sdr_fin should be on the sensitivity list of the process
WARNING:HDLCompiler:92 - "E:\hoshino_Data\SotsuKen\ISE\measurement_part_git\data_fetch.vhd" Line 168: test should be on the sensitivity list of the process
INFO:HDLCompiler:679 - "E:\hoshino_Data\SotsuKen\ISE\measurement_part_git\data_fetch.vhd" Line 197. Case statement is complete. others clause is never selected

Elaborating entity <data_decode> (architecture <decode>) from library <work>.

Elaborating entity <timekeeper> (architecture <count_time>) from library <work>.
WARNING:HDLCompiler:1127 - "E:\hoshino_Data\SotsuKen\ISE\measurement_part_git\timekeeper.vhd" Line 72: Assignment to d_num ignored, since the identifier is never used

Elaborating entity <master_counter> (architecture <count_time>) from library <work>.
WARNING:HDLCompiler:92 - "E:\hoshino_Data\SotsuKen\ISE\measurement_part_git\master_counter.vhd" Line 173: preset should be on the sensitivity list of the process
WARNING:HDLCompiler:92 - "E:\hoshino_Data\SotsuKen\ISE\measurement_part_git\master_counter.vhd" Line 221: dst_1 should be on the sensitivity list of the process
WARNING:HDLCompiler:92 - "E:\hoshino_Data\SotsuKen\ISE\measurement_part_git\master_counter.vhd" Line 274: dst_1 should be on the sensitivity list of the process
WARNING:HDLCompiler:1127 - "E:\hoshino_Data\SotsuKen\ISE\measurement_part_git\master_counter.vhd" Line 126: Assignment to dst_0 ignored, since the identifier is never used
WARNING:HDLCompiler:92 - "E:\hoshino_Data\SotsuKen\ISE\measurement_part_git\just_measurement.vhd" Line 234: ad_out should be on the sensitivity list of the process
WARNING:HDLCompiler:92 - "E:\hoshino_Data\SotsuKen\ISE\measurement_part_git\just_measurement.vhd" Line 235: led_blink should be on the sensitivity list of the process
ERROR:HDLCompiler:821 - "E:\hoshino_Data\SotsuKen\ISE\measurement_part_git\just_measurement.vhd" Line 245: Target slice is 32 elements ; value is 64 elements
Netlist just_measurement(measure) remains a blackbox, due to errors in its contents

Elaborating entity <counter> (architecture <Behavioral>) from library <work>.
WARNING:HDLCompiler:1127 - "E:\hoshino_Data\SotsuKen\ISE\measurement_part_git\Measurement.vhd" Line 270: Assignment to req_adr_w ignored, since the identifier is never used
WARNING:HDLCompiler:634 - "E:\hoshino_Data\SotsuKen\ISE\measurement_part_git\Measurement.vhd" Line 157: Net <sdr_addr[19]> does not have a driver.
WARNING:HDLCompiler:634 - "E:\hoshino_Data\SotsuKen\ISE\measurement_part_git\Measurement.vhd" Line 176: Net <str_adr[19]> does not have a driver.
WARNING:HDLCompiler:634 - "E:\hoshino_Data\SotsuKen\ISE\measurement_part_git\Measurement.vhd" Line 183: Net <start> does not have a driver.
--> 

Total memory usage is 4506496 kilobytes

Number of errors   :    1 (   0 filtered)
Number of warnings :   16 (   0 filtered)
Number of infos    :    0 (   0 filtered)

